#-----------------------------------------------------------
# Vivado v2023.1 (64-bit)
# SW Build 3865809 on Sun May  7 15:05:29 MDT 2023
# IP Build 3864474 on Sun May  7 20:36:21 MDT 2023
# SharedData Build 3865790 on Sun May 07 13:33:03 MDT 2023
# Start of session at: Wed Mar  5 18:16:18 2025
# Process ID: 1712
# Current directory: C:/Users/SWQ2003/Desktop/RISCV_CPU
# Command line: vivado.exe C:\Users\SWQ2003\Desktop\RISCV_CPU\RISCV_CPU.xpr
# Log file: C:/Users/SWQ2003/Desktop/RISCV_CPU/vivado.log
# Journal file: C:/Users/SWQ2003/Desktop/RISCV_CPU\vivado.jou
# Running On: SWQ2003, OS: Windows, CPU Frequency: 1896 MHz, CPU Physical cores: 16, Host memory: 14864 MB
#-----------------------------------------------------------
start_gui
open_project C:/Users/SWQ2003/Desktop/RISCV_CPU/RISCV_CPU.xpr
update_compile_order -fileset sources_1
synth_design -top Top -part xc7k160tfbg676-2 -lint 
synth_design -rtl -rtl_skip_mlo -name rtl_1
export_ip_user_files -of_objects  [get_files C:/Users/SWQ2003/Desktop/RISCV_CPU/RISCV_CPU.srcs/sources_1/new/Core.v] -no_script -reset -force -quiet
remove_files  C:/Users/SWQ2003/Desktop/RISCV_CPU/RISCV_CPU.srcs/sources_1/new/Core.v
add_files -norecurse {C:/Users/SWQ2003/Desktop/CPU-code/Chisel-Chip/generated/Top.v C:/Users/SWQ2003/Desktop/CPU-code/Chisel-Chip/generated/Mem.Mem.mem.v C:/Users/SWQ2003/Desktop/CPU-code/Chisel-Chip/generated/Core.v C:/Users/SWQ2003/Desktop/CPU-code/Chisel-Chip/generated/Mem.v C:/Users/SWQ2003/Desktop/CPU-code/Chisel-Chip/generated/Top.Mem.mem.v}
update_compile_order -fileset sources_1
export_ip_user_files -of_objects  [get_files C:/Users/SWQ2003/Desktop/CPU-code/Chisel-Chip/generated/Mem.Mem.mem.v] -no_script -reset -force -quiet
remove_files  C:/Users/SWQ2003/Desktop/CPU-code/Chisel-Chip/generated/Mem.Mem.mem.v
import_files
export_ip_user_files -of_objects  [get_files C:/Users/SWQ2003/Desktop/RISCV_CPU/RISCV_CPU.srcs/sources_1/imports/generated/Top.Mem.mem.v] -no_script -reset -force -quiet
remove_files  C:/Users/SWQ2003/Desktop/RISCV_CPU/RISCV_CPU.srcs/sources_1/imports/generated/Top.Mem.mem.v
export_ip_user_files -of_objects  [get_files C:/Users/SWQ2003/Desktop/RISCV_CPU/RISCV_CPU.srcs/sources_1/new/Mem.v] -no_script -reset -force -quiet
remove_files  C:/Users/SWQ2003/Desktop/RISCV_CPU/RISCV_CPU.srcs/sources_1/new/Mem.v
export_ip_user_files -of_objects  [get_files C:/Users/SWQ2003/Desktop/RISCV_CPU/RISCV_CPU.srcs/sources_1/new/Top.v] -no_script -reset -force -quiet
remove_files  C:/Users/SWQ2003/Desktop/RISCV_CPU/RISCV_CPU.srcs/sources_1/new/Top.v
export_ip_user_files -of_objects  [get_files C:/Users/SWQ2003/Desktop/RISCV_CPU/RISCV_CPU.srcs/sources_1/imports/generated/Top.v] -no_script -reset -force -quiet
remove_files  C:/Users/SWQ2003/Desktop/RISCV_CPU/RISCV_CPU.srcs/sources_1/imports/generated/Top.v
export_ip_user_files -of_objects  [get_files C:/Users/SWQ2003/Desktop/RISCV_CPU/RISCV_CPU.srcs/sources_1/imports/generated/Core.v] -no_script -reset -force -quiet
remove_files  C:/Users/SWQ2003/Desktop/RISCV_CPU/RISCV_CPU.srcs/sources_1/imports/generated/Core.v
export_ip_user_files -of_objects  [get_files C:/Users/SWQ2003/Desktop/RISCV_CPU/RISCV_CPU.srcs/sources_1/imports/generated/Mem.v] -no_script -reset -force -quiet
remove_files  C:/Users/SWQ2003/Desktop/RISCV_CPU/RISCV_CPU.srcs/sources_1/imports/generated/Mem.v
add_files -norecurse {C:/Users/SWQ2003/Desktop/CPU-code/Chisel-Chip/generated/Top.v C:/Users/SWQ2003/Desktop/CPU-code/Chisel-Chip/generated/Core.v C:/Users/SWQ2003/Desktop/CPU-code/Chisel-Chip/generated/Mem.v}
update_compile_order -fileset sources_1
synth_design -rtl -rtl_skip_mlo -name rtl_1
