#-----------------------------------------------------------
# Vivado v2023.1 (64-bit)
# SW Build 3865809 on Sun May  7 15:05:29 MDT 2023
# IP Build 3864474 on Sun May  7 20:36:21 MDT 2023
# SharedData Build 3865790 on Sun May 07 13:33:03 MDT 2023
# Start of session at: Wed Mar  5 21:25:22 2025
# Process ID: 21944
# Current directory: C:/Users/SWQ2003/Desktop/RISCV_CPU
# Command line: vivado.exe C:\Users\SWQ2003\Desktop\RISCV_CPU\RISCV_CPU.xpr
# Log file: C:/Users/SWQ2003/Desktop/RISCV_CPU/vivado.log
# Journal file: C:/Users/SWQ2003/Desktop/RISCV_CPU\vivado.jou
# Running On: SWQ2003, OS: Windows, CPU Frequency: 1896 MHz, CPU Physical cores: 16, Host memory: 14864 MB
#-----------------------------------------------------------
start_gui
open_project C:/Users/SWQ2003/Desktop/RISCV_CPU/RISCV_CPU.xpr
update_compile_order -fileset sources_1
synth_design -rtl -rtl_skip_mlo -name rtl_1
file mkdir C:/Users/SWQ2003/Desktop/RISCV_CPU/RISCV_CPU.srcs/constrs_1
file mkdir C:/Users/SWQ2003/Desktop/RISCV_CPU/RISCV_CPU.srcs/constrs_1/new
close [ open C:/Users/SWQ2003/Desktop/RISCV_CPU/RISCV_CPU.srcs/constrs_1/new/pin.xdc w ]
add_files -fileset constrs_1 C:/Users/SWQ2003/Desktop/RISCV_CPU/RISCV_CPU.srcs/constrs_1/new/pin.xdc
launch_runs impl_1 -jobs 16
wait_on_run impl_1
close_design
open_run impl_1
