#-----------------------------------------------------------
# Vivado v2023.1 (64-bit)
# SW Build 3865809 on Sun May  7 15:05:29 MDT 2023
# IP Build 3864474 on Sun May  7 20:36:21 MDT 2023
# SharedData Build 3865790 on Sun May 07 13:33:03 MDT 2023
# Start of session at: Wed Apr 30 15:06:19 2025
# Process ID: 15512
# Current directory: C:/Users/SWQ2003/Desktop/RISCV_CPU/SoC
# Command line: vivado.exe C:\Users\SWQ2003\Desktop\RISCV_CPU\SoC\RISCV_CPU.xpr
# Log file: C:/Users/SWQ2003/Desktop/RISCV_CPU/SoC/vivado.log
# Journal file: C:/Users/SWQ2003/Desktop/RISCV_CPU/SoC\vivado.jou
# Running On: SWQ2003, OS: Windows, CPU Frequency: 1896 MHz, CPU Physical cores: 16, Host memory: 14864 MB
#-----------------------------------------------------------
start_gui
open_project C:/Users/SWQ2003/Desktop/RISCV_CPU/SoC/RISCV_CPU.xpr
update_compile_order -fileset sources_1
synth_design -rtl -rtl_skip_mlo -name rtl_1
write_schematic -format pdf -orientation portrait C:/Users/SWQ2003/Desktop/SoC_schematic.pdf
